2026-09-03T08:23:57.427Z [INFO] [static] serving frontend dist at C:\Users\606610\CodeBuddy\QRCode 客戶意見反饋\frontend\dist
2026-09-03T08:23:57.434Z [INFO] [server] QRCode 客戶意見反饋骨架已啟動 http://localhost:3000/api/v1
2026-09-03T08:23:57.564Z [INFO] [http] GET /api/v1/health
2026-09-03T08:24:06.980Z [INFO] [http] POST /api/v1/auth/login
2026-09-03T08:24:07.078Z [INFO] [http] GET /api/v1/qr/overview
2026-09-03T08:24:14.240Z [INFO] [http] POST /api/v1/auth/login
2026-09-03T08:24:14.296Z [INFO] [http] POST /api/v1/qr/generate
2026-09-03T08:24:14.299Z [INFO] [qr] QR_GENERATE 5 CHNG by admin
2026-09-03T08:24:14.315Z [INFO] [http] GET /api/v1/qr/5/image?format=png&size=256
2026-09-03T08:24:14.400Z [INFO] [http] GET /api/v1/qr/5/image?format=svg
2026-09-03T08:24:14.464Z [INFO] [http] PUT /api/v1/qr/site-url
2026-09-03T08:24:14.483Z [INFO] [http] PUT /api/v1/qr/site-url
2026-09-03T08:24:14.485Z [INFO] [qr] QR_CONFIG site-base-url=https://qr.example.com by admin
2026-09-03T08:24:14.491Z [INFO] [http] GET /api/v1/cases?page=1&pageSize=1
2026-09-03T08:24:21.417Z [INFO] [http] POST /api/v1/auth/login
2026-09-03T08:24:21.475Z [INFO] [http] POST /api/v1/qr/generate
2026-09-03T08:24:21.493Z [INFO] [http] GET /api/v1/qr/overview
2026-09-03T08:24:28.028Z [INFO] [http] POST /api/v1/auth/login
2026-09-03T08:24:28.112Z [INFO] [http] PUT /api/v1/qr/site-url
2026-09-03T08:24:28.114Z [INFO] [qr] QR_CONFIG site-base-url=(auto) by admin
2026-09-03T08:24:35.964Z [INFO] [http] GET /admin/login
2026-09-03T08:24:36.501Z [INFO] [http] GET /assets/index-08XhIKtL.js
2026-09-03T08:24:37.166Z [INFO] [http] GET /favicon.ico
2026-09-03T08:26:02.114Z [INFO] [http] POST /api/v1/auth/login
2026-09-03T08:26:02.757Z [INFO] [http] GET /api/v1/me
2026-09-03T08:26:03.053Z [INFO] [http] GET /api/v1/cases?sortBy=createdAt&sortDir=desc&page=1&pageSize=20
2026-09-03T08:26:03.198Z [INFO] [http] GET /favicon.ico
2026-09-03T08:26:10.085Z [INFO] [http] GET /api/v1/qr/overview
2026-09-03T08:26:10.114Z [INFO] [http] GET /favicon.ico
2026-09-03T08:26:10.139Z [INFO] [http] GET /api/v1/qr/5/image?format=png&size=220
2026-09-03T08:26:10.161Z [INFO] [http] GET /api/v1/qr/1/image?format=png&size=220
2026-09-03T08:26:10.171Z [INFO] [http] GET /api/v1/qr/4/image?format=png&size=220
2026-09-03T08:26:10.185Z [INFO] [http] GET /api/v1/qr/2/image?format=png&size=220
2026-09-03T08:27:06.531Z [INFO] [http] GET /favicon.ico
2026-09-03T08:27:20.642Z [INFO] [http] POST /api/v1/auth/login
2026-09-03T08:27:20.696Z [INFO] [http] GET /api/v1/me
2026-09-03T08:27:20.751Z [INFO] [http] GET /api/v1/cases?sortBy=createdAt&sortDir=desc&page=1&pageSize=20
2026-09-03T08:27:20.799Z [INFO] [http] GET /favicon.ico
2026-09-03T08:27:29.022Z [INFO] [http] GET /api/v1/qr/overview
2026-09-03T08:27:29.031Z [INFO] [http] GET /favicon.ico
2026-09-03T08:28:31.637Z [INFO] [http] POST /api/v1/qr/generate
2026-09-03T08:28:31.640Z [INFO] [qr] QR_GENERATE 6 CWC by admin
2026-09-03T08:28:31.664Z [INFO] [http] GET /api/v1/qr/overview
2026-09-03T08:28:31.717Z [INFO] [http] GET /api/v1/qr/6/image?format=png&size=220
2026-09-03T08:29:54.463Z [INFO] [http] GET /api/v1/qr/6/image?format=png&size=2048
2026-09-03T08:42:50.423Z [INFO] [http] GET /api/v1/health
2026-09-03T08:42:53.840Z [INFO] [http] GET /
2026-09-03T08:42:54.440Z [INFO] [http] GET /assets/index-08XhIKtL.js
2026-09-03T08:42:54.682Z [INFO] [http] GET /api/v1/form/meta?estate=CHNG&lang=zh-Hant
2026-09-03T08:43:41.649Z [INFO] [http] GET /admin/qr
2026-09-03T08:43:41.766Z [INFO] [http] GET /assets/index-08XhIKtL.js
2026-09-03T08:43:43.667Z [INFO] [http] GET /api/v1/me
2026-09-03T08:43:44.289Z [INFO] [http] GET /api/v1/qr/overview
2026-09-03T08:43:44.304Z [INFO] [http] GET /favicon.ico
2026-09-03T08:43:44.345Z [INFO] [http] GET /api/v1/qr/5/image?format=png&size=220
2026-09-03T08:43:44.398Z [INFO] [http] GET /api/v1/qr/6/image?format=png&size=220
2026-09-03T08:43:44.412Z [INFO] [http] GET /api/v1/qr/4/image?format=png&size=220
2026-09-03T08:43:44.446Z [INFO] [http] GET /api/v1/qr/2/image?format=png&size=220
2026-09-03T08:44:25.538Z [INFO] [http] POST /api/v1/qr/generate
2026-09-03T08:44:25.550Z [INFO] [qr] QR_GENERATE 7 CHNG by admin
2026-09-03T08:44:25.565Z [INFO] [http] GET /api/v1/qr/overview
2026-09-03T08:44:25.608Z [INFO] [http] GET /api/v1/qr/7/image?format=png&size=220
2026-09-03T08:45:36.198Z [INFO] [http] GET /admin/qr
2026-09-03T08:45:36.218Z [INFO] [http] GET /assets/index-08XhIKtL.js
2026-09-03T08:45:37.920Z [INFO] [http] GET /api/v1/me
2026-09-03T08:45:38.615Z [INFO] [http] GET /api/v1/qr/overview
2026-09-03T08:45:38.619Z [INFO] [http] GET /favicon.ico
2026-09-03T08:45:43.440Z [INFO] [http] GET /admin
2026-09-03T08:45:43.470Z [INFO] [http] GET /assets/index-08XhIKtL.js
2026-09-03T08:45:43.768Z [INFO] [http] GET /api/v1/me
2026-09-03T08:45:43.985Z [INFO] [http] GET /api/v1/cases?sortBy=createdAt&sortDir=desc&page=1&pageSize=20
2026-09-03T08:45:44.005Z [INFO] [http] GET /favicon.ico
2026-09-03T08:46:27.852Z [INFO] [http] GET /feedback?estate=CHNG
2026-09-03T08:46:27.881Z [INFO] [http] GET /assets/index-08XhIKtL.js
2026-09-03T08:46:28.320Z [INFO] [http] GET /favicon.ico
2026-09-03T08:46:42.993Z [INFO] [http] GET /
2026-09-03T08:46:43.023Z [INFO] [http] GET /assets/index-08XhIKtL.js
2026-09-03T08:46:43.386Z [INFO] [http] GET /api/v1/form/meta?estate=CHNG&lang=zh-Hant
2026-09-03T08:46:43.604Z [INFO] [http] GET /favicon.ico
2026-09-03T08:47:10.791Z [INFO] [http] GET /feedback?estate=CHNG
2026-09-03T08:47:10.819Z [INFO] [http] GET /assets/index-08XhIKtL.js
2026-09-03T08:47:11.302Z [INFO] [http] GET /favicon.ico
2026-09-03T08:47:25.982Z [INFO] [http] GET /admin/login
2026-09-03T08:47:26.004Z [INFO] [http] GET /assets/index-08XhIKtL.js
2026-09-03T08:47:26.480Z [INFO] [http] GET /favicon.ico
2026-09-03T08:47:38.356Z [INFO] [http] GET /admin/qr
2026-09-03T08:47:38.374Z [INFO] [http] GET /assets/index-08XhIKtL.js
2026-09-03T08:47:38.703Z [INFO] [http] GET /api/v1/me
2026-09-03T08:47:38.820Z [INFO] [http] GET /api/v1/qr/overview
2026-09-03T08:47:38.823Z [INFO] [http] GET /favicon.ico
2026-09-03T08:48:45.531Z [INFO] [http] GET /?=CHNG
2026-09-03T08:48:45.604Z [INFO] [http] GET /assets/index-08XhIKtL.js
2026-09-03T08:48:46.392Z [INFO] [http] GET /api/v1/form/meta?estate=CHNG&lang=zh-Hant
2026-09-03T08:48:46.753Z [INFO] [http] GET /favicon.ico
2026-09-03T08:49:33.205Z [INFO] [http] GET /admin
2026-09-03T08:49:33.224Z [INFO] [http] GET /assets/index-08XhIKtL.js
2026-09-03T08:49:33.544Z [INFO] [http] GET /api/v1/me
2026-09-03T08:49:33.693Z [INFO] [http] GET /api/v1/cases?sortBy=createdAt&sortDir=desc&page=1&pageSize=20
2026-09-03T08:49:33.713Z [INFO] [http] GET /favicon.ico
2026-09-03T08:49:43.432Z [INFO] [http] GET /admin/login
2026-09-03T08:49:43.452Z [INFO] [http] GET /assets/index-08XhIKtL.js
2026-09-03T08:49:43.864Z [INFO] [http] GET /favicon.ico
2026-09-03T08:49:52.865Z [INFO] [http] POST /api/v1/auth/login
2026-09-03T08:50:08.427Z [INFO] [http] POST /api/v1/auth/login
2026-09-03T08:50:08.457Z [INFO] [http] GET /api/v1/me
2026-09-03T08:50:08.523Z [INFO] [http] GET /api/v1/cases?sortBy=createdAt&sortDir=desc&page=1&pageSize=20
2026-09-03T08:50:08.567Z [INFO] [http] GET /favicon.ico
2026-09-03T08:50:15.400Z [INFO] [http] GET /api/v1/qr/overview
2026-09-03T08:50:15.410Z [INFO] [http] GET /favicon.ico
2026-09-03T08:50:18.119Z [INFO] [http] GET /api/v1/cases?sortBy=createdAt&sortDir=desc&page=1&pageSize=20
2026-09-03T08:50:18.131Z [INFO] [http] GET /favicon.ico
2026-09-03T08:50:19.204Z [INFO] [http] GET /api/v1/qr/overview
2026-09-03T08:50:19.213Z [INFO] [http] GET /favicon.ico
2026-09-03T08:50:20.069Z [INFO] [http] GET /api/v1/cases?sortBy=createdAt&sortDir=desc&page=1&pageSize=20
2026-09-03T08:50:20.099Z [INFO] [http] GET /favicon.ico
2026-09-03T08:50:20.661Z [INFO] [http] GET /api/v1/qr/overview
2026-09-03T08:50:20.668Z [INFO] [http] GET /favicon.ico
2026-09-03T08:50:45.397Z [INFO] [http] PUT /api/v1/qr/site-url
2026-09-03T08:50:45.416Z [INFO] [qr] QR_CONFIG site-base-url=http://localhost:3000 by admin
2026-09-03T08:50:45.433Z [INFO] [http] GET /api/v1/qr/overview
2026-09-03T08:51:03.825Z [INFO] [http] POST /api/v1/qr/generate
2026-09-03T08:51:03.828Z [INFO] [qr] QR_GENERATE 8 DAHF by admin
2026-09-03T08:51:03.843Z [INFO] [http] GET /api/v1/qr/overview
2026-09-03T08:51:03.878Z [INFO] [http] GET /api/v1/qr/8/image?format=png&size=220
2026-09-03T08:51:10.806Z [INFO] [http] POST /api/v1/qr/8/status
2026-09-03T08:51:10.812Z [INFO] [qr] QR_DEACTIVATE 8 DAHF by admin
2026-09-03T08:51:10.831Z [INFO] [http] GET /api/v1/qr/overview
2026-09-03T08:51:26.204Z [INFO] [http] GET /api/v1/cases?sortBy=createdAt&sortDir=desc&page=1&pageSize=20
2026-09-03T08:51:26.222Z [INFO] [http] GET /favicon.ico
2026-09-03T08:51:27.685Z [INFO] [http] GET /api/v1/qr/overview
2026-09-03T08:51:27.691Z [INFO] [http] GET /favicon.ico
2026-09-03T08:51:34.341Z [INFO] [http] GET /?estate=CWC
2026-09-03T08:51:34.372Z [INFO] [http] GET /assets/index-08XhIKtL.js
2026-09-03T08:51:36.049Z [INFO] [http] GET /api/v1/form/meta?estate=CWC&lang=zh-Hant
2026-09-03T08:51:36.765Z [INFO] [http] GET /favicon.ico
2026-09-04T04:19:19.612Z [INFO] [http] GET /admin/qr
2026-09-04T04:19:19.748Z [INFO] [http] GET /assets/index-DdqEou-2.js
2026-09-04T04:19:22.685Z [INFO] [http] GET /api/v1/me
2026-09-04T04:19:23.481Z [INFO] [http] GET /favicon.ico
2026-09-04T04:19:31.908Z [INFO] [http] POST /api/v1/auth/login
2026-09-04T04:19:31.955Z [INFO] [http] GET /api/v1/me
2026-09-04T04:19:32.033Z [INFO] [http] GET /api/v1/notifications/unread-count
2026-09-04T04:19:32.038Z [INFO] [http] GET /api/v1/cases?sortBy=createdAt&sortDir=desc&page=1&pageSize=20
2026-09-04T04:19:32.109Z [INFO] [http] GET /favicon.ico
2026-09-04T04:19:36.298Z [INFO] [http] GET /favicon.ico
2026-09-04T04:19:36.303Z [INFO] [http] GET /api/v1/qr/overview
2026-09-04T04:19:36.344Z [INFO] [http] GET /api/v1/qr/8/image?format=png&size=220
2026-09-04T04:19:36.366Z [INFO] [http] GET /api/v1/qr/6/image?format=png&size=220
2026-09-04T04:19:36.375Z [INFO] [http] GET /api/v1/qr/2/image?format=png&size=220
2026-09-04T04:19:36.387Z [INFO] [http] GET /api/v1/qr/7/image?format=png&size=220
2026-09-04T04:19:40.721Z [INFO] [http] GET /api/v1/notifications/unread-count
2026-09-04T04:19:40.722Z [INFO] [http] GET /api/v1/cases?sortBy=createdAt&sortDir=desc&page=1&pageSize=20
2026-09-04T04:19:40.725Z [INFO] [http] GET /favicon.ico
2026-09-04T04:19:42.092Z [INFO] [http] GET /api/v1/surveys/stats
2026-09-04T04:19:42.277Z [INFO] [http] GET /api/v1/notifications/unread-count
2026-09-04T04:19:42.762Z [INFO] [http] GET /favicon.ico
2026-09-04T04:19:45.934Z [INFO] [http] GET /api/v1/surveys/stats?estate=CWC
2026-09-04T04:19:49.587Z [INFO] [http] GET /api/v1/surveys/stats?estate=YPR
2026-09-04T04:19:51.165Z [INFO] [http] GET /api/v1/surveys/stats?estate=CHNG
2026-09-04T04:19:52.859Z [INFO] [http] GET /api/v1/surveys/stats?estate=DAHF
2026-09-04T04:19:53.875Z [INFO] [http] GET /api/v1/notifications/unread-count
2026-09-04T04:19:53.876Z [INFO] [http] GET /favicon.ico
2026-09-04T04:19:53.879Z [INFO] [http] GET /api/v1/cases?sortBy=createdAt&sortDir=desc&page=1&pageSize=20
2026-09-04T04:19:56.614Z [INFO] [http] GET /api/v1/qr/overview
2026-09-04T04:19:56.619Z [INFO] [http] GET /favicon.ico
2026-09-04T04:20:05.760Z [INFO] [http] GET /?estate=CHNG
2026-09-04T04:20:05.958Z [INFO] [http] GET /assets/index-DdqEou-2.js
2026-09-04T04:20:07.748Z [INFO] [http] GET /api/v1/form/meta?estate=CHNG&lang=zh-Hant
2026-09-04T04:20:08.457Z [INFO] [http] GET /favicon.ico
2026-09-04T04:20:18.746Z [INFO] [http] GET /favicon.ico
2026-09-04T04:20:34.028Z [INFO] [http] POST /api/v1/auth/login
2026-09-04T04:20:43.876Z [INFO] [http] POST /api/v1/auth/login
2026-09-04T04:20:43.901Z [INFO] [http] GET /api/v1/me
2026-09-04T04:20:43.916Z [INFO] [http] GET /favicon.ico
2026-09-04T04:20:43.953Z [INFO] [http] GET /api/v1/notifications/unread-count
2026-09-04T04:20:43.954Z [INFO] [http] GET /api/v1/cases?sortBy=createdAt&sortDir=desc&page=1&pageSize=20
2026-09-04T04:21:13.956Z [INFO] [http] GET /api/v1/notifications/unread-count
2026-09-04T04:21:43.963Z [INFO] [http] GET /api/v1/notifications/unread-count
2026-09-04T04:22:13.968Z [INFO] [http] GET /api/v1/notifications/unread-count
2026-09-04T04:22:42.696Z [INFO] [http] GET /api/v1/notifications/unread-count
2026-09-04T04:22:42.713Z [INFO] [http] GET /favicon.ico
2026-09-04T04:22:42.716Z [INFO] [http] GET /api/v1/surveys/stats
2026-09-04T04:22:44.371Z [INFO] [http] GET /api/v1/notifications/unread-count
2026-09-04T04:22:44.372Z [INFO] [http] GET /api/v1/cases?sortBy=createdAt&sortDir=desc&page=1&pageSize=20
2026-09-04T04:22:44.387Z [INFO] [http] GET /favicon.ico
2026-09-04T04:22:52.116Z [INFO] [http] GET /api/v1/notifications/unread-count
2026-09-04T04:22:52.118Z [INFO] [http] GET /api/v1/surveys/stats
2026-09-04T04:22:52.129Z [INFO] [http] GET /favicon.ico
2026-09-04T04:22:54.612Z [INFO] [http] GET /api/v1/notifications/unread-count
2026-09-04T04:22:54.613Z [INFO] [http] GET /api/v1/cases?sortBy=createdAt&sortDir=desc&page=1&pageSize=20
2026-09-04T04:22:54.631Z [INFO] [http] GET /favicon.ico
2026-09-04T04:22:55.523Z [INFO] [http] GET /api/v1/qr/overview
2026-09-04T04:22:55.531Z [INFO] [http] GET /favicon.ico
2026-09-04T04:23:03.426Z [INFO] [http] GET /?estate=CHNG
2026-09-04T04:23:03.550Z [INFO] [http] GET /assets/index-DdqEou-2.js
2026-09-04T04:23:05.223Z [INFO] [http] GET /api/v1/form/meta?estate=CHNG&lang=zh-Hant
2026-09-04T04:23:05.935Z [INFO] [http] GET /favicon.ico
2026-09-04T04:24:23.947Z [INFO] [http] GET /favicon.ico
2026-09-04T04:24:23.958Z [INFO] [http] GET /api/v1/cases?sortBy=createdAt&sortDir=desc&page=1&pageSize=20
2026-09-04T04:24:23.977Z [INFO] [http] GET /api/v1/notifications/unread-count
2026-09-04T04:24:53.957Z [INFO] [http] GET /api/v1/notifications/unread-count
2026-09-04T04:25:03.189Z [INFO] [http] GET /api/v1/surveys/stats
2026-09-04T04:25:03.190Z [INFO] [http] GET /favicon.ico
2026-09-04T04:25:03.191Z [INFO] [http] GET /api/v1/notifications/unread-count
2026-09-04T04:25:21.296Z [INFO] [http] GET /admin/pages/public/SurveyPage
2026-09-04T04:25:21.326Z [INFO] [http] GET /assets/index-DdqEou-2.js
2026-09-04T04:25:22.139Z [INFO] [http] GET /favicon.ico
2026-09-04T04:25:49.010Z [INFO] [http] GET /admin/pages/admin/SurveyStatsPage
2026-09-04T04:25:49.046Z [INFO] [http] GET /assets/index-DdqEou-2.js
2026-09-04T04:25:49.507Z [INFO] [http] GET /favicon.ico
2026-09-04T04:25:58.320Z [INFO] [http] GET /pages/admin/SurveyStatsPage
2026-09-04T04:25:58.362Z [INFO] [http] GET /assets/index-DdqEou-2.js
2026-09-04T04:25:58.779Z [INFO] [http] GET /favicon.ico
2026-09-04T04:26:06.839Z [INFO] [http] GET /admin/SurveyStatsPage
2026-09-04T04:26:07.487Z [INFO] [http] GET /assets/index-DdqEou-2.js
2026-09-04T04:26:08.070Z [INFO] [http] GET /favicon.ico
2026-09-04T04:27:54.850Z [INFO] [http] GET /api/v1/form/meta?estate=CHNG&lang=zh-Hant
2026-09-04T04:27:54.860Z [INFO] [http] GET /api/v1/form/meta?estate=CHNG&lang=zh-Hant
2026-09-04T04:36:30.677Z [INFO] [http] POST /api/v1/form/token
2026-09-04T04:36:30.925Z [INFO] [http] POST /api/v1/feedback
2026-09-04T04:36:30.979Z [INFO] [caseService] CASE_CREATE SMS/SR/CHNG/260904001 eventType=NORMAL
2026-09-04T04:36:42.398Z [INFO] [http] GET /api/v1/form/meta?estate=CHNG&lang=zh-Hant
2026-09-04T04:36:42.722Z [INFO] [http] GET /api/v1/form/meta?estate=CHNG&lang=zh-Hant
2026-09-04T04:37:04.762Z [INFO] [http] POST /api/v1/auth/login
2026-09-04T04:37:05.016Z [INFO] [http] GET /api/v1/me
2026-09-04T04:37:05.099Z [INFO] [http] GET /api/v1/me
2026-09-04T04:37:05.345Z [INFO] [http] GET /api/v1/notifications/unread-count
2026-09-04T04:37:05.519Z [INFO] [http] GET /api/v1/cases?sortBy=createdAt&sortDir=desc&page=1&pageSize=20
2026-09-04T04:37:05.529Z [INFO] [http] GET /api/v1/notifications/unread-count
2026-09-04T04:37:05.660Z [INFO] [http] GET /api/v1/cases?sortBy=createdAt&sortDir=desc&page=1&pageSize=20
2026-09-04T04:37:09.961Z [INFO] [http] GET /api/v1/cases/SMS%2FSR%2FCHNG%2F260904001
2026-09-04T04:37:10.286Z [INFO] [http] GET /api/v1/cases/SMS%2FSR%2FCHNG%2F260904001
2026-09-04T04:37:10.560Z [INFO] [http] GET /api/v1/notifications/unread-count
2026-09-04T04:37:10.697Z [INFO] [http] GET /api/v1/notifications/unread-count
2026-09-04T04:37:36.008Z [INFO] [http] GET /api/v1/notifications/unread-count
2026-09-04T04:37:36.325Z [INFO] [http] GET /api/v1/cases?sortBy=createdAt&sortDir=desc&page=1&pageSize=20
2026-09-04T04:37:36.341Z [INFO] [http] GET /api/v1/notifications/unread-count
2026-09-04T04:37:36.660Z [INFO] [http] GET /api/v1/cases?sortBy=createdAt&sortDir=desc&page=1&pageSize=20
2026-09-04T04:37:42.790Z [INFO] [http] GET /api/v1/cases/SMS%2FSR%2FCHNG%2F260904001
2026-09-04T04:37:43.061Z [INFO] [http] GET /api/v1/cases/SMS%2FSR%2FCHNG%2F260904001
2026-09-04T04:37:43.104Z [INFO] [http] GET /api/v1/notifications/unread-count
2026-09-04T04:37:43.423Z [INFO] [http] GET /api/v1/notifications/unread-count
2026-09-04T04:37:49.597Z [INFO] [http] GET /api/v1/notifications/unread-count
2026-09-04T04:37:49.918Z [INFO] [http] GET /api/v1/notifications/unread-count
2026-09-04T04:37:49.919Z [INFO] [http] GET /api/v1/cases?sortBy=createdAt&sortDir=desc&page=1&pageSize=20
2026-09-04T04:37:50.243Z [INFO] [http] GET /api/v1/cases?sortBy=createdAt&sortDir=desc&page=1&pageSize=20
2026-09-04T04:37:54.355Z [INFO] [http] GET /api/v1/cases/SMS%2FSR%2FCHNG%2F260904001
2026-09-04T04:37:54.620Z [INFO] [http] GET /api/v1/cases/SMS%2FSR%2FCHNG%2F260904001
2026-09-04T04:37:54.666Z [INFO] [http] GET /api/v1/notifications/unread-count
2026-09-04T04:37:54.963Z [INFO] [http] GET /api/v1/notifications/unread-count
2026-09-04T04:37:57.009Z [INFO] [http] GET /api/v1/cases/SMS%2FSR%2FCHNG%2F260904001/assignees
2026-09-04T04:38:25.714Z [INFO] [http] GET /api/v1/notifications/unread-count
2026-09-04T04:38:55.305Z [INFO] [http] GET /api/v1/notifications/unread-count
2026-09-04T04:39:25.618Z [INFO] [http] GET /api/v1/notifications/unread-count
2026-09-04T04:39:55.313Z [INFO] [http] GET /api/v1/notifications/unread-count
2026-09-04T04:40:25.617Z [INFO] [http] GET /api/v1/notifications/unread-count
2026-09-04T04:40:55.306Z [INFO] [http] GET /api/v1/notifications/unread-count
2026-09-04T04:42:06.779Z [INFO] [http] GET /api/v1/notifications/unread-count
2026-09-04T04:43:06.370Z [INFO] [http] GET /api/v1/notifications/unread-count
2026-09-04T04:44:06.656Z [INFO] [http] GET /api/v1/notifications/unread-count
2026-09-04T04:45:06.327Z [INFO] [http] GET /api/v1/notifications/unread-count
2026-09-04T04:46:06.630Z [INFO] [http] GET /api/v1/notifications/unread-count
2026-09-04T04:47:06.340Z [INFO] [http] GET /api/v1/notifications/unread-count
2026-09-04T04:48:06.657Z [INFO] [http] GET /api/v1/notifications/unread-count
2026-09-04T04:49:06.327Z [INFO] [http] GET /api/v1/notifications/unread-count
2026-09-04T04:50:06.646Z [INFO] [http] GET /api/v1/notifications/unread-count
2026-09-04T04:51:06.321Z [INFO] [http] GET /api/v1/notifications/unread-count
2026-09-04T04:52:06.618Z [INFO] [http] GET /api/v1/notifications/unread-count
2026-09-04T04:53:06.786Z [INFO] [http] GET /api/v1/notifications/unread-count
2026-09-04T04:54:06.653Z [INFO] [http] GET /api/v1/notifications/unread-count
2026-09-04T04:55:06.335Z [INFO] [http] GET /api/v1/notifications/unread-count
2026-09-04T04:56:06.659Z [INFO] [http] GET /api/v1/notifications/unread-count
2026-09-04T04:57:06.327Z [INFO] [http] GET /api/v1/notifications/unread-count
2026-09-04T04:58:06.631Z [INFO] [http] GET /api/v1/notifications/unread-count
2026-09-04T04:59:06.665Z [INFO] [http] GET /api/v1/notifications/unread-count
2026-09-04T05:00:06.668Z [INFO] [http] GET /api/v1/notifications/unread-count
2026-09-04T05:01:06.410Z [INFO] [http] GET /api/v1/notifications/unread-count
2026-09-04T05:02:06.656Z [INFO] [http] GET /api/v1/notifications/unread-count
2026-09-04T05:03:06.651Z [INFO] [http] GET /api/v1/notifications/unread-count
2026-09-04T05:04:06.327Z [INFO] [http] GET /api/v1/notifications/unread-count
2026-09-04T05:05:06.637Z [INFO] [http] GET /api/v1/notifications/unread-count
2026-09-04T05:06:06.382Z [INFO] [http] GET /api/v1/notifications/unread-count
2026-09-04T05:07:07.271Z [INFO] [http] GET /api/v1/notifications/unread-count
2026-09-04T05:08:06.330Z [INFO] [http] GET /api/v1/notifications/unread-count
2026-09-04T05:09:06.647Z [INFO] [http] GET /api/v1/notifications/unread-count
2026-09-04T05:10:06.315Z [INFO] [http] GET /api/v1/notifications/unread-count
2026-09-04T05:11:06.664Z [INFO] [http] GET /api/v1/notifications/unread-count
2026-09-04T05:12:06.346Z [INFO] [http] GET /api/v1/notifications/unread-count
2026-09-04T05:13:06.630Z [INFO] [http] GET /api/v1/notifications/unread-count
2026-09-04T05:14:06.344Z [INFO] [http] GET /api/v1/notifications/unread-count
2026-09-04T05:15:06.629Z [INFO] [http] GET /api/v1/notifications/unread-count
2026-09-04T05:16:06.321Z [INFO] [http] GET /api/v1/notifications/unread-count
2026-09-04T05:17:06.640Z [INFO] [http] GET /api/v1/notifications/unread-count
2026-09-04T05:18:06.400Z [INFO] [http] GET /api/v1/notifications/unread-count
2026-09-04T05:19:07.186Z [INFO] [http] GET /api/v1/notifications/unread-count
2026-09-04T05:20:06.385Z [INFO] [http] GET /api/v1/notifications/unread-count
2026-09-04T05:21:06.653Z [INFO] [http] GET /api/v1/notifications/unread-count
2026-09-04T05:22:06.402Z [INFO] [http] GET /api/v1/notifications/unread-count
2026-09-04T05:23:06.640Z [INFO] [http] GET /api/v1/notifications/unread-count
2026-09-04T05:24:06.335Z [INFO] [http] GET /api/v1/notifications/unread-count
2026-09-04T05:25:06.653Z [INFO] [http] GET /api/v1/notifications/unread-count
2026-09-04T05:26:06.342Z [INFO] [http] GET /api/v1/notifications/unread-count
2026-09-04T05:27:06.634Z [INFO] [http] GET /api/v1/notifications/unread-count
2026-09-04T05:28:06.341Z [INFO] [http] GET /api/v1/notifications/unread-count
2026-09-04T05:29:06.647Z [INFO] [http] GET /api/v1/notifications/unread-count
2026-09-04T05:30:06.345Z [INFO] [http] GET /api/v1/notifications/unread-count
2026-09-04T05:31:06.617Z [INFO] [http] GET /api/v1/notifications/unread-count
2026-09-04T05:32:06.337Z [INFO] [http] GET /api/v1/notifications/unread-count
2026-09-04T05:33:06.636Z [INFO] [http] GET /api/v1/notifications/unread-count
2026-09-04T05:34:06.364Z [INFO] [http] GET /api/v1/notifications/unread-count
2026-09-04T05:35:06.657Z [INFO] [http] GET /api/v1/notifications/unread-count
2026-09-04T05:36:06.362Z [INFO] [http] GET /api/v1/notifications/unread-count
2026-09-04T05:37:06.658Z [INFO] [http] GET /api/v1/notifications/unread-count
2026-09-04T05:38:06.343Z [INFO] [http] GET /api/v1/notifications/unread-count
2026-09-04T05:39:06.682Z [INFO] [http] GET /api/v1/notifications/unread-count
2026-09-04T05:39:48.734Z [INFO] [http] GET /api/v1/notifications/unread-count
2026-09-04T05:39:54.970Z [INFO] [http] GET /api/v1/notifications/unread-count
2026-09-04T05:40:08.031Z [INFO] [http] GET /api/v1/notifications/unread-count
2026-09-04T05:40:08.336Z [INFO] [http] GET /api/v1/cases?sortBy=createdAt&sortDir=desc&page=1&pageSize=20
2026-09-04T05:40:08.349Z [INFO] [http] GET /api/v1/notifications/unread-count
2026-09-04T05:40:08.695Z [INFO] [http] GET /api/v1/cases?sortBy=createdAt&sortDir=desc&page=1&pageSize=20
2026-09-04T05:40:12.323Z [INFO] [http] GET /api/v1/cases/SMS%2FSR%2FCHNG%2F260904001
2026-09-04T05:40:12.590Z [INFO] [http] GET /api/v1/cases/SMS%2FSR%2FCHNG%2F260904001
2026-09-04T05:40:12.651Z [INFO] [http] GET /api/v1/notifications/unread-count
2026-09-04T05:40:12.946Z [INFO] [http] GET /api/v1/notifications/unread-count
2026-09-04T05:40:14.050Z [INFO] [http] GET /api/v1/cases/SMS%2FSR%2FCHNG%2F260904001/assignees
2026-09-04T05:40:18.000Z [INFO] [http] GET /api/v1/cases?sortBy=createdAt&sortDir=desc&page=1&pageSize=20
2026-09-04T05:40:18.003Z [INFO] [http] GET /api/v1/notifications/unread-count
2026-09-04T05:40:18.272Z [INFO] [http] GET /api/v1/cases?sortBy=createdAt&sortDir=desc&page=1&pageSize=20
2026-09-04T05:40:18.333Z [INFO] [http] GET /api/v1/notifications/unread-count
2026-09-04T05:40:19.976Z [INFO] [http] GET /api/v1/notifications?page=1&pageSize=20
2026-09-04T05:40:29.377Z [INFO] [http] GET /api/v1/qr/overview
2026-09-04T05:40:29.641Z [INFO] [http] GET /api/v1/qr/overview
2026-09-04T05:40:29.720Z [INFO] [http] GET /api/v1/qr/7/image?format=png&size=220
2026-09-04T05:40:30.033Z [INFO] [http] GET /api/v1/qr/6/image?format=png&size=220
2026-09-04T05:40:30.050Z [INFO] [http] GET /api/v1/qr/8/image?format=png&size=220
2026-09-04T05:40:30.062Z [INFO] [http] GET /api/v1/qr/2/image?format=png&size=220
2026-09-04T05:40:30.237Z [INFO] [http] GET /api/v1/notifications/unread-count
2026-09-04T05:40:30.545Z [INFO] [http] GET /api/v1/cases?sortBy=createdAt&sortDir=desc&page=1&pageSize=20
2026-09-04T05:40:30.561Z [INFO] [http] GET /api/v1/notifications/unread-count
2026-09-04T05:40:30.875Z [INFO] [http] GET /api/v1/cases?sortBy=createdAt&sortDir=desc&page=1&pageSize=20
2026-09-04T05:40:33.763Z [INFO] [http] GET /api/v1/cases/SMS%2FSR%2FCHNG%2F260904001
2026-09-04T05:40:34.038Z [INFO] [http] GET /api/v1/cases/SMS%2FSR%2FCHNG%2F260904001
2026-09-04T05:40:34.101Z [INFO] [http] GET /api/v1/notifications/unread-count
2026-09-04T05:40:34.424Z [INFO] [http] GET /api/v1/notifications/unread-count
2026-09-04T05:40:36.089Z [INFO] [http] GET /api/v1/notifications/unread-count
2026-09-04T05:40:36.400Z [INFO] [http] GET /api/v1/notifications/unread-count
2026-09-04T05:40:36.401Z [INFO] [http] GET /api/v1/cases?sortBy=createdAt&sortDir=desc&page=1&pageSize=20
2026-09-04T05:40:36.727Z [INFO] [http] GET /api/v1/cases?sortBy=createdAt&sortDir=desc&page=1&pageSize=20
2026-09-04T05:40:52.802Z [INFO] [http] GET /api/v1/cases/SMS%2FSR%2FCHNG%2F260904001
2026-09-04T05:40:53.048Z [INFO] [http] GET /api/v1/cases/SMS%2FSR%2FCHNG%2F260904001
2026-09-04T05:40:53.126Z [INFO] [http] GET /api/v1/notifications/unread-count
2026-09-04T05:40:53.391Z [INFO] [http] GET /api/v1/notifications/unread-count
2026-09-04T05:40:54.984Z [INFO] [http] GET /api/v1/cases/SMS%2FSR%2FCHNG%2F260904001/assignees
2026-09-04T05:41:23.308Z [INFO] [http] GET /api/v1/notifications/unread-count
2026-09-04T05:41:28.329Z [INFO] [http] GET /api/v1/form/meta?estate=CHNG&lang=zh-Hant
2026-09-04T05:41:28.348Z [INFO] [http] GET /api/v1/form/meta?estate=CHNG&lang=zh-Hant
2026-09-04T05:41:42.191Z [INFO] [http] GET /api/v1/me
2026-09-04T05:41:42.207Z [INFO] [http] GET /api/v1/me
2026-09-04T05:41:42.428Z [INFO] [http] GET /api/v1/notifications/unread-count
2026-09-04T05:41:42.429Z [INFO] [http] GET /api/v1/cases?sortBy=createdAt&sortDir=desc&page=1&pageSize=20
2026-09-04T05:41:42.447Z [INFO] [http] GET /api/v1/notifications/unread-count
2026-09-04T05:41:42.458Z [INFO] [http] GET /api/v1/cases?sortBy=createdAt&sortDir=desc&page=1&pageSize=20
2026-09-04T05:41:51.006Z [INFO] [http] GET /api/v1/cases/SMS%2FSR%2FCHNG%2F260904001
2026-09-04T05:41:51.273Z [INFO] [http] GET /api/v1/cases/SMS%2FSR%2FCHNG%2F260904001
2026-09-04T05:41:51.371Z [INFO] [http] GET /api/v1/notifications/unread-count
2026-09-04T05:41:51.703Z [INFO] [http] GET /api/v1/notifications/unread-count
2026-09-04T05:41:53.306Z [INFO] [http] GET /api/v1/notifications/unread-count
2026-09-04T05:42:21.694Z [INFO] [http] GET /api/v1/notifications/unread-count
2026-09-04T05:42:23.310Z [INFO] [http] GET /api/v1/notifications/unread-count
2026-09-04T05:42:51.687Z [INFO] [http] GET /api/v1/notifications/unread-count
2026-09-04T05:42:53.315Z [INFO] [http] GET /api/v1/notifications/unread-count
2026-09-04T05:43:21.699Z [INFO] [http] GET /api/v1/notifications/unread-count
2026-09-04T05:43:23.302Z [INFO] [http] GET /api/v1/notifications/unread-count
2026-09-04T05:43:51.686Z [INFO] [http] GET /api/v1/notifications/unread-count
2026-09-04T05:43:54.375Z [INFO] [http] GET /api/v1/notifications/unread-count
2026-09-04T05:44:21.692Z [INFO] [http] GET /api/v1/notifications/unread-count
2026-09-04T05:44:51.379Z [INFO] [http] GET /api/v1/notifications/unread-count
2026-09-04T05:44:57.626Z [INFO] [http] GET /api/v1/notifications/unread-count
2026-09-04T05:45:21.374Z [INFO] [http] GET /api/v1/notifications/unread-count
2026-09-04T05:45:51.685Z [INFO] [http] GET /api/v1/notifications/unread-count
2026-09-04T05:45:58.770Z [INFO] [http] GET /api/v1/notifications/unread-count
2026-09-04T05:46:21.680Z [INFO] [http] GET /api/v1/notifications/unread-count
2026-09-04T05:46:51.378Z [INFO] [http] GET /api/v1/notifications/unread-count
2026-09-04T05:46:59.614Z [INFO] [http] GET /api/v1/notifications/unread-count
2026-09-04T05:47:21.383Z [INFO] [http] GET /api/v1/notifications/unread-count
2026-09-04T05:47:51.849Z [INFO] [http] GET /api/v1/notifications/unread-count
2026-09-04T05:48:06.557Z [INFO] [http] GET /api/v1/notifications/unread-count
2026-09-04T05:48:21.682Z [INFO] [http] GET /api/v1/notifications/unread-count
2026-09-04T05:48:51.466Z [INFO] [http] GET /api/v1/notifications/unread-count
2026-09-04T05:49:07.648Z [INFO] [http] GET /api/v1/notifications/unread-count
2026-09-04T05:49:21.473Z [INFO] [http] GET /api/v1/notifications/unread-count
2026-09-04T05:49:51.766Z [INFO] [http] GET /api/v1/notifications/unread-count
2026-09-04T05:50:09.496Z [INFO] [http] GET /api/v1/notifications/unread-count
2026-09-04T05:50:21.695Z [INFO] [http] GET /api/v1/notifications/unread-count
2026-09-04T05:50:51.378Z [INFO] [http] GET /api/v1/notifications/unread-count
2026-09-04T05:51:06.636Z [INFO] [http] GET /api/v1/notifications/unread-count
2026-09-04T05:51:21.387Z [INFO] [http] GET /api/v1/notifications/unread-count
2026-09-04T05:51:51.687Z [INFO] [http] GET /api/v1/notifications/unread-count
2026-09-04T05:52:06.372Z [INFO] [http] GET /api/v1/notifications/unread-count
2026-09-04T05:52:21.698Z [INFO] [http] GET /api/v1/notifications/unread-count
2026-09-04T05:52:51.377Z [INFO] [http] GET /api/v1/notifications/unread-count
2026-09-04T05:53:06.642Z [INFO] [http] GET /api/v1/notifications/unread-count
2026-09-04T05:53:21.375Z [INFO] [http] GET /api/v1/notifications/unread-count
2026-09-04T05:53:51.710Z [INFO] [http] GET /api/v1/notifications/unread-count
2026-09-04T05:54:06.341Z [INFO] [http] GET /api/v1/notifications/unread-count
2026-09-04T05:54:21.711Z [INFO] [http] GET /api/v1/notifications/unread-count
2026-09-04T05:54:51.381Z [INFO] [http] GET /api/v1/notifications/unread-count
2026-09-04T05:55:06.716Z [INFO] [http] GET /api/v1/notifications/unread-count
2026-09-04T05:55:21.413Z [INFO] [http] GET /api/v1/notifications/unread-count
2026-09-04T05:55:51.685Z [INFO] [http] GET /api/v1/notifications/unread-count
2026-09-04T05:56:06.308Z [INFO] [http] GET /api/v1/notifications/unread-count
2026-09-04T05:56:21.720Z [INFO] [http] GET /api/v1/notifications/unread-count
2026-09-04T05:56:51.402Z [INFO] [http] GET /api/v1/notifications/unread-count
2026-09-04T05:57:06.638Z [INFO] [http] GET /api/v1/notifications/unread-count
2026-09-04T05:57:21.385Z [INFO] [http] GET /api/v1/notifications/unread-count
2026-09-04T05:57:25.261Z [INFO] [http] GET /api/v1/notifications/unread-count
2026-09-04T05:57:25.283Z [INFO] [http] GET /api/v1/cases/SMS%2FSR%2FCHNG%2F260904001
2026-09-04T05:57:25.362Z [INFO] [http] GET /api/v1/me
2026-09-04T05:57:25.462Z [INFO] [http] GET /api/v1/notifications/unread-count
2026-09-04T05:57:25.495Z [INFO] [http] GET /api/v1/notifications/unread-count
2026-09-04T05:57:27.491Z [INFO] [http] GET /api/v1/notifications/unread-count
2026-09-04T05:57:27.510Z [INFO] [http] GET /api/v1/cases/SMS%2FSR%2FCHNG%2F260904001
2026-09-04T05:57:27.521Z [INFO] [http] GET /api/v1/me
2026-09-04T05:57:27.581Z [INFO] [http] GET /api/v1/notifications/unread-count
2026-09-04T05:57:27.608Z [INFO] [http] GET /api/v1/notifications/unread-count
2026-09-04T05:57:33.158Z [INFO] [http] GET /api/v1/cases/SMS%2FSR%2FCHNG%2F260904001
2026-09-04T05:57:33.164Z [INFO] [http] GET /api/v1/notifications/unread-count
2026-09-04T05:57:33.164Z [INFO] [http] GET /api/v1/me
2026-09-04T05:57:33.242Z [INFO] [http] GET /api/v1/notifications/unread-count
2026-09-04T05:57:33.299Z [INFO] [http] GET /api/v1/notifications/unread-count
2026-09-04T05:57:37.275Z [INFO] [http] GET /api/v1/notifications/unread-count
2026-09-04T05:57:37.277Z [INFO] [http] GET /api/v1/cases/SMS%2FSR%2FCHNG%2F260904001
2026-09-04T05:57:37.282Z [INFO] [http] GET /api/v1/me
2026-09-04T05:57:37.354Z [INFO] [http] GET /api/v1/notifications/unread-count
2026-09-04T05:57:37.375Z [INFO] [http] GET /api/v1/notifications/unread-count
2026-09-04T05:57:53.685Z [INFO] [http] GET /api/v1/notifications/unread-count
2026-09-04T05:57:53.702Z [INFO] [http] GET /api/v1/cases/SMS%2FSR%2FCHNG%2F260904001
2026-09-04T05:57:53.720Z [INFO] [http] GET /api/v1/me
2026-09-04T05:57:54.281Z [INFO] [http] GET /api/v1/notifications/unread-count
2026-09-04T05:57:54.536Z [INFO] [http] GET /api/v1/notifications/unread-count
2026-09-04T05:57:55.392Z [INFO] [http] GET /api/v1/notifications/unread-count
2026-09-04T05:57:55.413Z [INFO] [http] GET /api/v1/cases/SMS%2FSR%2FCHNG%2F260904001
2026-09-04T05:57:55.429Z [INFO] [http] GET /api/v1/me
2026-09-04T05:57:55.818Z [INFO] [http] GET /api/v1/notifications/unread-count
2026-09-04T05:57:56.087Z [INFO] [http] GET /api/v1/notifications/unread-count
2026-09-04T05:58:07.351Z [INFO] [http] GET /api/v1/notifications/unread-count
2026-09-04T06:29:46.072Z [INFO] [http] POST /api/v1/auth/login
2026-09-04T06:46:53.931Z [INFO] [http] GET /api/v1/form/meta?estate=CHNG&lang=zh-Hant
2026-09-04T06:46:54.051Z [INFO] [http] GET /api/v1/form/meta?estate=CHNG&lang=zh-Hant
2026-09-04T06:47:12.778Z [INFO] [http] GET /api/v1/form/meta?estate=CHNG&lang=zh-Hant
2026-09-04T06:47:12.790Z [INFO] [http] GET /api/v1/form/meta?estate=CHNG&lang=zh-Hant
2026-09-04T06:47:20.048Z [INFO] [http] GET /api/v1/me
2026-09-04T06:47:20.098Z [INFO] [http] GET /api/v1/me
2026-09-04T06:47:31.985Z [INFO] [http] POST /api/v1/auth/login
2026-09-04T06:47:32.047Z [INFO] [http] GET /api/v1/me
2026-09-04T06:47:32.067Z [INFO] [http] GET /api/v1/me
2026-09-04T06:47:32.243Z [INFO] [http] GET /api/v1/notifications/unread-count
2026-09-04T06:47:32.555Z [INFO] [http] GET /api/v1/cases?sortBy=createdAt&sortDir=desc&page=1&pageSize=20
2026-09-04T06:47:32.590Z [INFO] [http] GET /api/v1/notifications/unread-count
2026-09-04T06:47:32.896Z [INFO] [http] GET /api/v1/cases?sortBy=createdAt&sortDir=desc&page=1&pageSize=20
2026-09-04T06:47:35.926Z [INFO] [http] GET /api/v1/config
2026-09-04T06:47:36.109Z [INFO] [http] GET /api/v1/notifications/unread-count
2026-09-04T06:47:36.183Z [INFO] [http] GET /api/v1/config
2026-09-04T06:47:36.245Z [INFO] [http] GET /api/v1/notifications/unread-count
2026-09-04T06:47:53.569Z [INFO] [http] GET /api/v1/config/audit?limit=50
2026-09-04T06:47:58.602Z [INFO] [http] GET /api/v1/cases?sortBy=createdAt&sortDir=desc&page=1&pageSize=20
2026-09-04T06:47:58.606Z [INFO] [http] GET /api/v1/notifications/unread-count
2026-09-04T06:47:58.853Z [INFO] [http] GET /api/v1/cases?sortBy=createdAt&sortDir=desc&page=1&pageSize=20
2026-09-04T06:47:58.938Z [INFO] [http] GET /api/v1/notifications/unread-count
2026-09-04T06:48:01.611Z [INFO] [http] GET /api/v1/dashboard/summary?range=thisMonth
2026-09-04T06:48:01.920Z [INFO] [http] GET /api/v1/notifications/unread-count
2026-09-04T06:48:01.924Z [INFO] [http] GET /api/v1/dashboard/trend?range=thisMonth
2026-09-04T06:48:01.925Z [INFO] [http] GET /api/v1/dashboard/distribution?range=thisMonth
2026-09-04T06:48:01.927Z [INFO] [http] GET /api/v1/dashboard/handlers?range=thisMonth
2026-09-04T06:48:01.933Z [INFO] [http] GET /api/v1/dashboard/anomalies
2026-09-04T06:48:01.936Z [INFO] [http] GET /api/v1/dashboard/weekly-report/list?limit=20
2026-09-04T06:48:02.278Z [INFO] [http] GET /api/v1/notifications/unread-count
2026-09-04T06:48:02.279Z [INFO] [http] GET /api/v1/dashboard/trend?range=thisMonth
2026-09-04T06:48:02.280Z [INFO] [http] GET /api/v1/dashboard/summary?range=thisMonth
2026-09-04T06:48:02.281Z [INFO] [http] GET /api/v1/dashboard/distribution?range=thisMonth
2026-09-04T06:48:02.282Z [INFO] [http] GET /api/v1/dashboard/anomalies
2026-09-04T06:48:02.283Z [INFO] [http] GET /api/v1/dashboard/handlers?range=thisMonth
2026-09-04T06:48:02.611Z [INFO] [http] GET /api/v1/dashboard/weekly-report/list?limit=20
2026-09-04T06:48:03.642Z [INFO] [http] GET /api/v1/dashboard/trend?range=thisWeek
2026-09-04T06:48:03.646Z [INFO] [http] GET /api/v1/dashboard/distribution?range=thisWeek
2026-09-04T06:48:03.647Z [INFO] [http] GET /api/v1/dashboard/handlers?range=thisWeek
2026-09-04T06:48:03.648Z [INFO] [http] GET /api/v1/dashboard/summary?range=thisWeek
2026-09-04T06:48:03.667Z [INFO] [http] GET /api/v1/dashboard/weekly-report/list?limit=20
2026-09-04T06:48:03.668Z [INFO] [http] GET /api/v1/dashboard/anomalies
2026-09-04T06:48:04.477Z [INFO] [http] GET /api/v1/dashboard/distribution?range=today
2026-09-04T06:48:04.478Z [INFO] [http] GET /api/v1/dashboard/summary?range=today
2026-09-04T06:48:04.479Z [INFO] [http] GET /api/v1/dashboard/anomalies
2026-09-04T06:48:04.480Z [INFO] [http] GET /api/v1/dashboard/handlers?range=today
2026-09-04T06:48:04.487Z [INFO] [http] GET /api/v1/dashboard/weekly-report/list?limit=20
2026-09-04T06:48:04.489Z [INFO] [http] GET /api/v1/dashboard/trend?range=today
2026-09-04T06:48:05.205Z [INFO] [http] GET /api/v1/dashboard/summary?range=thisWeek
2026-09-04T06:48:05.207Z [INFO] [http] GET /api/v1/dashboard/trend?range=thisWeek
2026-09-04T06:48:05.208Z [INFO] [http] GET /api/v1/dashboard/distribution?range=thisWeek
2026-09-04T06:48:05.209Z [INFO] [http] GET /api/v1/dashboard/anomalies
2026-09-04T06:48:05.210Z [INFO] [http] GET /api/v1/dashboard/handlers?range=thisWeek
2026-09-04T06:48:05.213Z [INFO] [http] GET /api/v1/dashboard/weekly-report/list?limit=20
2026-09-04T06:48:08.213Z [INFO] [http] GET /api/v1/cases?sortBy=createdAt&sortDir=desc&page=1&pageSize=20
2026-09-04T06:48:08.279Z [INFO] [http] GET /api/v1/notifications/unread-count
2026-09-04T06:48:08.475Z [INFO] [http] GET /api/v1/cases?sortBy=createdAt&sortDir=desc&page=1&pageSize=20
2026-09-04T06:48:08.599Z [INFO] [http] GET /api/v1/notifications/unread-count
2026-09-04T06:48:09.707Z [INFO] [http] GET /api/v1/surveys/stats
2026-09-04T06:48:09.968Z [INFO] [http] GET /api/v1/notifications/unread-count
2026-09-04T06:48:10.095Z [INFO] [http] GET /api/v1/surveys/stats
2026-09-04T06:48:10.421Z [INFO] [http] GET /api/v1/notifications/unread-count
2026-09-04T06:48:11.615Z [INFO] [http] GET /api/v1/notifications/unread-count
2026-09-04T06:48:11.932Z [INFO] [http] GET /api/v1/cases?sortBy=createdAt&sortDir=desc&page=1&pageSize=20
2026-09-04T06:48:12.164Z [INFO] [http] GET /api/v1/notifications/unread-count
2026-09-04T06:48:12.265Z [INFO] [http] GET /api/v1/cases?sortBy=createdAt&sortDir=desc&page=1&pageSize=20
2026-09-04T06:48:17.371Z [INFO] [http] GET /api/v1/me
2026-09-04T06:48:17.373Z [INFO] [http] GET /api/v1/me
2026-09-04T06:48:17.591Z [INFO] [http] GET /api/v1/cases?sortBy=createdAt&sortDir=desc&page=1&pageSize=20
2026-09-04T06:48:17.596Z [INFO] [http] GET /api/v1/notifications/unread-count
2026-09-04T06:48:17.617Z [INFO] [http] GET /api/v1/cases?sortBy=createdAt&sortDir=desc&page=1&pageSize=20
2026-09-04T06:48:17.622Z [INFO] [http] GET /api/v1/notifications/unread-count
2026-09-04T06:48:20.181Z [INFO] [http] GET /api/v1/notifications/unread-count
2026-09-04T06:48:20.484Z [INFO] [http] GET /api/v1/config
2026-09-04T06:48:20.493Z [INFO] [http] GET /api/v1/notifications/unread-count
2026-09-04T06:48:20.810Z [INFO] [http] GET /api/v1/config
2026-09-04T06:48:50.491Z [INFO] [http] GET /api/v1/notifications/unread-count
2026-09-04T06:49:20.187Z [INFO] [http] GET /api/v1/notifications/unread-count
2026-09-04T06:49:50.499Z [INFO] [http] GET /api/v1/notifications/unread-count
2026-09-04T06:50:20.188Z [INFO] [http] GET /api/v1/notifications/unread-count
2026-09-04T06:50:50.500Z [INFO] [http] GET /api/v1/notifications/unread-count
2026-09-04T06:51:20.182Z [INFO] [http] GET /api/v1/notifications/unread-count
2026-09-04T06:51:50.502Z [INFO] [http] GET /api/v1/notifications/unread-count
2026-09-04T06:52:20.197Z [INFO] [http] GET /api/v1/notifications/unread-count
2026-09-04T06:52:50.491Z [INFO] [http] GET /api/v1/notifications/unread-count
2026-09-04T06:53:20.244Z [INFO] [http] GET /api/v1/notifications/unread-count
2026-09-04T06:53:50.539Z [INFO] [http] GET /api/v1/notifications/unread-count
2026-09-04T06:54:20.195Z [INFO] [http] GET /api/v1/notifications/unread-count
2026-09-04T06:54:50.691Z [INFO] [http] GET /api/v1/notifications/unread-count
2026-09-04T06:55:20.191Z [INFO] [http] GET /api/v1/notifications/unread-count
2026-09-04T06:55:50.491Z [INFO] [http] GET /api/v1/notifications/unread-count
2026-09-04T06:56:20.190Z [INFO] [http] GET /api/v1/notifications/unread-count
2026-09-04T06:56:50.502Z [INFO] [http] GET /api/v1/notifications/unread-count
2026-09-04T06:57:20.201Z [INFO] [http] GET /api/v1/notifications/unread-count
2026-09-04T06:57:50.510Z [INFO] [http] GET /api/v1/notifications/unread-count
2026-09-04T06:58:20.191Z [INFO] [http] GET /api/v1/notifications/unread-count
2026-09-04T06:58:50.495Z [INFO] [http] GET /api/v1/notifications/unread-count
2026-09-04T06:59:20.193Z [INFO] [http] GET /api/v1/notifications/unread-count
2026-09-04T06:59:50.500Z [INFO] [http] GET /api/v1/notifications/unread-count
2026-09-04T07:00:20.187Z [INFO] [http] GET /api/v1/notifications/unread-count
2026-09-04T07:00:53.892Z [INFO] [http] GET /api/v1/notifications/unread-count
2026-09-04T07:01:29.361Z [INFO] [http] GET /api/v1/notifications/unread-count
2026-09-04T07:01:57.573Z [INFO] [http] GET /api/v1/notifications/unread-count
2026-09-04T07:02:51.298Z [INFO] [http] GET /api/v1/notifications/unread-count
2026-09-04T07:03:55.600Z [INFO] [http] GET /api/v1/notifications/unread-count
2026-09-04T07:04:55.328Z [INFO] [http] GET /api/v1/notifications/unread-count
2026-09-04T07:05:57.594Z [INFO] [http] GET /api/v1/notifications/unread-count
2026-09-04T07:06:20.198Z [INFO] [http] GET /api/v1/notifications/unread-count
2026-09-04T07:06:50.536Z [INFO] [http] GET /api/v1/notifications/unread-count
2026-09-04T07:07:20.221Z [INFO] [http] GET /api/v1/notifications/unread-count
2026-09-04T07:07:50.599Z [INFO] [http] GET /api/v1/notifications/unread-count
2026-09-04T07:08:20.186Z [INFO] [http] GET /api/v1/notifications/unread-count
2026-09-04T07:08:50.492Z [INFO] [http] GET /api/v1/notifications/unread-count
2026-09-04T07:09:20.206Z [INFO] [http] GET /api/v1/notifications/unread-count
2026-09-04T07:09:50.493Z [INFO] [http] GET /api/v1/notifications/unread-count
2026-09-04T07:10:20.186Z [INFO] [http] GET /api/v1/notifications/unread-count
2026-09-04T07:10:50.496Z [INFO] [http] GET /api/v1/notifications/unread-count
2026-09-04T07:11:20.185Z [INFO] [http] GET /api/v1/notifications/unread-count
2026-09-04T07:11:50.497Z [INFO] [http] GET /api/v1/notifications/unread-count
2026-09-04T07:12:20.192Z [INFO] [http] GET /api/v1/notifications/unread-count
2026-09-04T07:12:50.523Z [INFO] [http] GET /api/v1/notifications/unread-count
2026-09-04T07:13:20.190Z [INFO] [http] GET /api/v1/notifications/unread-count
2026-09-04T07:13:50.488Z [INFO] [http] GET /api/v1/notifications/unread-count
2026-09-04T07:14:20.350Z [INFO] [http] GET /api/v1/notifications/unread-count
2026-09-04T07:14:50.622Z [INFO] [http] GET /api/v1/notifications/unread-count
2026-09-04T07:15:51.619Z [INFO] [http] GET /api/v1/notifications/unread-count
2026-09-04T07:16:52.930Z [INFO] [http] GET /api/v1/notifications/unread-count
2026-09-04T07:17:53.613Z [INFO] [http] GET /api/v1/notifications/unread-count
2026-09-04T07:18:20.294Z [INFO] [http] GET /api/v1/notifications/unread-count
2026-09-04T07:18:50.617Z [INFO] [http] GET /api/v1/notifications/unread-count
2026-09-04T07:19:20.315Z [INFO] [http] GET /api/v1/notifications/unread-count
2026-09-04T07:20:06.656Z [INFO] [http] GET /api/v1/notifications/unread-count
2026-09-04T07:21:06.330Z [INFO] [http] GET /api/v1/notifications/unread-count
2026-09-04T07:22:08.479Z [INFO] [http] GET /api/v1/notifications/unread-count
2026-09-04T07:22:38.784Z [INFO] [http] GET /api/v1/notifications/unread-count
2026-09-04T07:22:50.614Z [INFO] [http] GET /api/v1/notifications/unread-count
2026-09-04T07:23:20.193Z [INFO] [http] GET /api/v1/notifications/unread-count
2026-09-04T07:23:50.663Z [INFO] [http] GET /api/v1/notifications/unread-count
2026-09-04T07:24:20.315Z [INFO] [http] GET /api/v1/notifications/unread-count
2026-09-04T07:25:06.633Z [INFO] [http] GET /api/v1/notifications/unread-count
2026-09-04T07:26:06.315Z [INFO] [http] GET /api/v1/notifications/unread-count
2026-09-04T07:27:06.625Z [INFO] [http] GET /api/v1/notifications/unread-count
2026-09-04T07:28:06.312Z [INFO] [http] GET /api/v1/notifications/unread-count
2026-09-04T07:29:00.049Z [INFO] [http] GET /api/v1/notifications/unread-count
2026-09-04T07:29:20.304Z [INFO] [http] GET /api/v1/notifications/unread-count
2026-09-04T07:29:50.617Z [INFO] [http] GET /api/v1/notifications/unread-count
2026-09-04T07:30:51.608Z [INFO] [http] GET /api/v1/notifications/unread-count
2026-09-04T07:31:52.612Z [INFO] [http] GET /api/v1/notifications/unread-count
2026-09-04T07:32:53.616Z [INFO] [http] GET /api/v1/notifications/unread-count
2026-09-04T07:33:54.661Z [INFO] [http] GET /api/v1/notifications/unread-count
2026-09-04T07:34:55.654Z [INFO] [http] GET /api/v1/notifications/unread-count
2026-09-04T07:35:20.342Z [INFO] [http] GET /api/v1/notifications/unread-count
2026-09-04T07:35:50.617Z [INFO] [http] GET /api/v1/notifications/unread-count
2026-09-04T07:36:20.308Z [INFO] [http] GET /api/v1/notifications/unread-count
2026-09-04T07:36:50.835Z [INFO] [http] GET /api/v1/notifications/unread-count
2026-09-04T07:38:06.619Z [INFO] [http] GET /api/v1/notifications/unread-count
2026-09-04T07:39:06.309Z [INFO] [http] GET /api/v1/notifications/unread-count
2026-09-04T07:39:20.622Z [INFO] [http] GET /api/v1/notifications/unread-count
2026-09-04T07:39:50.301Z [INFO] [http] GET /api/v1/notifications/unread-count
2026-09-04T07:41:20.067Z [INFO] [http] GET /api/v1/notifications/unread-count
2026-09-04T07:42:08.610Z [INFO] [http] GET /api/v1/notifications/unread-count
2026-09-04T07:42:13.471Z [INFO] [http] GET /api/v1/notifications/unread-count
2026-09-04T07:42:13.484Z [INFO] [http] GET /api/v1/me
2026-09-04T07:42:13.593Z [INFO] [http] GET /api/v1/config
2026-09-04T07:42:38.317Z [INFO] [http] GET /api/v1/notifications/unread-count
2026-09-04T07:42:38.649Z [INFO] [http] GET /api/v1/me
2026-09-04T07:42:38.657Z [INFO] [http] GET /api/v1/config
2026-09-04T07:43:12.118Z [INFO] [http] GET /api/v1/notifications/unread-count
2026-09-04T07:43:41.357Z [INFO] [http] GET /api/v1/notifications/unread-count
2026-09-04T07:44:09.637Z [INFO] [http] GET /api/v1/notifications/unread-count
2026-09-04T07:44:39.303Z [INFO] [http] GET /api/v1/notifications/unread-count
2026-09-04T07:45:09.639Z [INFO] [http] GET /api/v1/notifications/unread-count
2026-09-04T07:46:06.516Z [INFO] [http] GET /api/v1/notifications/unread-count
2026-09-04T07:47:07.254Z [INFO] [http] GET /api/v1/notifications/unread-count
2026-09-04T07:47:56.326Z [INFO] [http] GET /api/v1/notifications/unread-count
2026-09-04T07:48:20.539Z [INFO] [http] GET /api/v1/notifications/unread-count
2026-09-04T07:48:39.660Z [INFO] [http] GET /api/v1/notifications/unread-count
2026-09-04T07:49:55.565Z [INFO] [http] GET /api/v1/notifications/unread-count
2026-09-04T07:50:55.633Z [INFO] [http] GET /api/v1/notifications/unread-count
2026-09-04T07:51:50.904Z [INFO] [http] GET /api/v1/me
2026-09-04T07:51:51.786Z [INFO] [http] GET /api/v1/me
2026-09-04T07:51:54.811Z [INFO] [http] GET /api/v1/config
2026-09-04T07:51:54.812Z [INFO] [http] GET /api/v1/notifications/unread-count
2026-09-04T07:51:55.252Z [INFO] [http] GET /api/v1/config
2026-09-04T07:51:55.620Z [INFO] [http] GET /api/v1/notifications/unread-count
2026-09-04T07:52:25.180Z [INFO] [http] GET /api/v1/notifications/unread-count
2026-09-04T07:53:00.392Z [INFO] [http] GET /api/v1/notifications/unread-count
2026-09-04T07:53:22.636Z [INFO] [http] GET /api/v1/notifications/unread-count
2026-09-04T07:53:52.303Z [INFO] [http] GET /api/v1/notifications/unread-count
2026-09-04T07:54:22.636Z [INFO] [http] GET /api/v1/notifications/unread-count
2026-09-04T07:54:52.301Z [INFO] [http] GET /api/v1/notifications/unread-count
2026-09-04T07:55:26.794Z [INFO] [http] GET /api/v1/notifications/unread-count
2026-09-04T07:55:52.567Z [INFO] [http] GET /api/v1/notifications/unread-count
2026-09-04T07:56:23.421Z [INFO] [http] GET /api/v1/notifications/unread-count
